---
source: crates/tinymist-query/src/jump.rs
description: Resolve source position in /dummy-root/included.typ on r 1..2 */I|n|cluded)
expression: "serde_json::to_string_pretty(&serde_json::json!({\n    \"mapped\": mapped, \"span_end\": span_end, \"zero_page\": zero_page,\n    \"invalid_page\": invalid_page, \"blank\": blank,\n})).unwrap()"
input_file: crates/tinymist-query/src/fixtures/source_position/included.typ
---
{
  "blank": null,
  "invalid_page": null,
  "mapped": {
    "position": {
      "character": 24,
      "line": 0
    },
    "textDocument": {
      "uri": "file:///dummy-root/included.typ"
    }
  },
  "span_end": {
    "position": {
      "character": 32,
      "line": 0
    },
    "textDocument": {
      "uri": "file:///dummy-root/included.typ"
    }
  },
  "zero_page": null
}
